<div svelte-1408461649>red</div>
<div svelte-54999591>green: foo</div>
<div svelte-2385185803>blue: foo</div>
<div svelte-54999591>green: bar</div>
<div svelte-2385185803>blue: bar</div>